Archive member included to satisfy reference by file (symbol)

c:/gnu_mcu/xpack-arm-none-eabi-gcc-10.3.1-2.3/bin/../lib/gcc/arm-none-eabi/10.3.1/../../../../arm-none-eabi/lib/thumb/v6-m/nofp\libc_nano.a(lib_a-exit.o)
                              c:/gnu_mcu/xpack-arm-none-eabi-gcc-10.3.1-2.3/bin/../lib/gcc/arm-none-eabi/10.3.1/../../../../arm-none-eabi/lib/thumb/v6-m/nofp/crt0.o (exit)
c:/gnu_mcu/xpack-arm-none-eabi-gcc-10.3.1-2.3/bin/../lib/gcc/arm-none-eabi/10.3.1/../../../../arm-none-eabi/lib/thumb/v6-m/nofp\libc_nano.a(lib_a-impure.o)
                              c:/gnu_mcu/xpack-arm-none-eabi-gcc-10.3.1-2.3/bin/../lib/gcc/arm-none-eabi/10.3.1/../../../../arm-none-eabi/lib/thumb/v6-m/nofp\libc_nano.a(lib_a-exit.o) (_global_impure_ptr)
c:/gnu_mcu/xpack-arm-none-eabi-gcc-10.3.1-2.3/bin/../lib/gcc/arm-none-eabi/10.3.1/../../../../arm-none-eabi/lib/thumb/v6-m/nofp\libc_nano.a(lib_a-init.o)
                              c:/gnu_mcu/xpack-arm-none-eabi-gcc-10.3.1-2.3/bin/../lib/gcc/arm-none-eabi/10.3.1/../../../../arm-none-eabi/lib/thumb/v6-m/nofp/crt0.o (__libc_init_array)
c:/gnu_mcu/xpack-arm-none-eabi-gcc-10.3.1-2.3/bin/../lib/gcc/arm-none-eabi/10.3.1/../../../../arm-none-eabi/lib/thumb/v6-m/nofp\libc_nano.a(lib_a-memset.o)
                              c:/gnu_mcu/xpack-arm-none-eabi-gcc-10.3.1-2.3/bin/../lib/gcc/arm-none-eabi/10.3.1/../../../../arm-none-eabi/lib/thumb/v6-m/nofp/crt0.o (memset)
c:/gnu_mcu/xpack-arm-none-eabi-gcc-10.3.1-2.3/bin/../lib/gcc/arm-none-eabi/10.3.1/../../../../arm-none-eabi/lib/thumb/v6-m/nofp\libnosys.a(_exit.o)
                              c:/gnu_mcu/xpack-arm-none-eabi-gcc-10.3.1-2.3/bin/../lib/gcc/arm-none-eabi/10.3.1/../../../../arm-none-eabi/lib/thumb/v6-m/nofp\libc_nano.a(lib_a-exit.o) (_exit)
c:/gnu_mcu/xpack-arm-none-eabi-gcc-10.3.1-2.3/bin/../lib/gcc/arm-none-eabi/10.3.1/thumb/v6-m/nofp\libgcc.a(_udivsi3.o)
                              build/stm32f0xx_ll_rcc.o (__aeabi_uidiv)
c:/gnu_mcu/xpack-arm-none-eabi-gcc-10.3.1-2.3/bin/../lib/gcc/arm-none-eabi/10.3.1/thumb/v6-m/nofp\libgcc.a(_dvmd_tls.o)
                              c:/gnu_mcu/xpack-arm-none-eabi-gcc-10.3.1-2.3/bin/../lib/gcc/arm-none-eabi/10.3.1/thumb/v6-m/nofp\libgcc.a(_udivsi3.o) (__aeabi_idiv0)

Discarded input sections

 .text          0x0000000000000000        0x0 c:/gnu_mcu/xpack-arm-none-eabi-gcc-10.3.1-2.3/bin/../lib/gcc/arm-none-eabi/10.3.1/thumb/v6-m/nofp/crti.o
 .data          0x0000000000000000        0x0 c:/gnu_mcu/xpack-arm-none-eabi-gcc-10.3.1-2.3/bin/../lib/gcc/arm-none-eabi/10.3.1/thumb/v6-m/nofp/crti.o
 .bss           0x0000000000000000        0x0 c:/gnu_mcu/xpack-arm-none-eabi-gcc-10.3.1-2.3/bin/../lib/gcc/arm-none-eabi/10.3.1/thumb/v6-m/nofp/crti.o
 .text          0x0000000000000000        0x0 c:/gnu_mcu/xpack-arm-none-eabi-gcc-10.3.1-2.3/bin/../lib/gcc/arm-none-eabi/10.3.1/thumb/v6-m/nofp/crtbegin.o
 .data          0x0000000000000000        0x0 c:/gnu_mcu/xpack-arm-none-eabi-gcc-10.3.1-2.3/bin/../lib/gcc/arm-none-eabi/10.3.1/thumb/v6-m/nofp/crtbegin.o
 .bss           0x0000000000000000        0x0 c:/gnu_mcu/xpack-arm-none-eabi-gcc-10.3.1-2.3/bin/../lib/gcc/arm-none-eabi/10.3.1/thumb/v6-m/nofp/crtbegin.o
 .rodata.all_implied_fbits
                0x0000000000000000       0x24 c:/gnu_mcu/xpack-arm-none-eabi-gcc-10.3.1-2.3/bin/../lib/gcc/arm-none-eabi/10.3.1/thumb/v6-m/nofp/crtbegin.o
 .data.__dso_handle
                0x0000000000000000        0x4 c:/gnu_mcu/xpack-arm-none-eabi-gcc-10.3.1-2.3/bin/../lib/gcc/arm-none-eabi/10.3.1/thumb/v6-m/nofp/crtbegin.o
 .text          0x0000000000000000       0x80 c:/gnu_mcu/xpack-arm-none-eabi-gcc-10.3.1-2.3/bin/../lib/gcc/arm-none-eabi/10.3.1/../../../../arm-none-eabi/lib/thumb/v6-m/nofp/crt0.o
 .data          0x0000000000000000        0x0 c:/gnu_mcu/xpack-arm-none-eabi-gcc-10.3.1-2.3/bin/../lib/gcc/arm-none-eabi/10.3.1/../../../../arm-none-eabi/lib/thumb/v6-m/nofp/crt0.o
 .bss           0x0000000000000000        0x0 c:/gnu_mcu/xpack-arm-none-eabi-gcc-10.3.1-2.3/bin/../lib/gcc/arm-none-eabi/10.3.1/../../../../arm-none-eabi/lib/thumb/v6-m/nofp/crt0.o
 .ARM.extab     0x0000000000000000        0x0 c:/gnu_mcu/xpack-arm-none-eabi-gcc-10.3.1-2.3/bin/../lib/gcc/arm-none-eabi/10.3.1/../../../../arm-none-eabi/lib/thumb/v6-m/nofp/crt0.o
 .ARM.exidx     0x0000000000000000       0x10 c:/gnu_mcu/xpack-arm-none-eabi-gcc-10.3.1-2.3/bin/../lib/gcc/arm-none-eabi/10.3.1/../../../../arm-none-eabi/lib/thumb/v6-m/nofp/crt0.o
 .ARM.attributes
                0x0000000000000000       0x1b c:/gnu_mcu/xpack-arm-none-eabi-gcc-10.3.1-2.3/bin/../lib/gcc/arm-none-eabi/10.3.1/../../../../arm-none-eabi/lib/thumb/v6-m/nofp/crt0.o
 .text          0x0000000000000000        0x0 build/main.o
 .data          0x0000000000000000        0x0 build/main.o
 .bss           0x0000000000000000        0x0 build/main.o
 .text.Error_Handler
                0x0000000000000000        0x4 build/main.o
 .text          0x0000000000000000        0x0 build/gpio.o
 .data          0x0000000000000000        0x0 build/gpio.o
 .bss           0x0000000000000000        0x0 build/gpio.o
 .text          0x0000000000000000        0x0 build/stm32f0xx_it.o
 .data          0x0000000000000000        0x0 build/stm32f0xx_it.o
 .bss           0x0000000000000000        0x0 build/stm32f0xx_it.o
 .text          0x0000000000000000        0x0 build/stm32f0xx_ll_gpio.o
 .data          0x0000000000000000        0x0 build/stm32f0xx_ll_gpio.o
 .bss           0x0000000000000000        0x0 build/stm32f0xx_ll_gpio.o
 .text.LL_GPIO_DeInit
                0x0000000000000000       0xc4 build/stm32f0xx_ll_gpio.o
 .text.LL_GPIO_StructInit
                0x0000000000000000       0x18 build/stm32f0xx_ll_gpio.o
 .text          0x0000000000000000        0x0 build/stm32f0xx_ll_pwr.o
 .data          0x0000000000000000        0x0 build/stm32f0xx_ll_pwr.o
 .bss           0x0000000000000000        0x0 build/stm32f0xx_ll_pwr.o
 .text.LL_PWR_DeInit
                0x0000000000000000       0x20 build/stm32f0xx_ll_pwr.o
 .debug_info    0x0000000000000000      0x24a build/stm32f0xx_ll_pwr.o
 .debug_abbrev  0x0000000000000000      0x129 build/stm32f0xx_ll_pwr.o
 .debug_loc     0x0000000000000000       0x30 build/stm32f0xx_ll_pwr.o
 .debug_aranges
                0x0000000000000000       0x20 build/stm32f0xx_ll_pwr.o
 .debug_ranges  0x0000000000000000       0x10 build/stm32f0xx_ll_pwr.o
 .debug_line    0x0000000000000000      0x1ca build/stm32f0xx_ll_pwr.o
 .debug_str     0x0000000000000000      0x23f build/stm32f0xx_ll_pwr.o
 .comment       0x0000000000000000       0x44 build/stm32f0xx_ll_pwr.o
 .debug_frame   0x0000000000000000       0x20 build/stm32f0xx_ll_pwr.o
 .ARM.attributes
                0x0000000000000000       0x2c build/stm32f0xx_ll_pwr.o
 .text          0x0000000000000000        0x0 build/stm32f0xx_ll_exti.o
 .data          0x0000000000000000        0x0 build/stm32f0xx_ll_exti.o
 .bss           0x0000000000000000        0x0 build/stm32f0xx_ll_exti.o
 .text.LL_EXTI_DeInit
                0x0000000000000000       0x24 build/stm32f0xx_ll_exti.o
 .text.LL_EXTI_Init
                0x0000000000000000       0xc8 build/stm32f0xx_ll_exti.o
 .text.LL_EXTI_StructInit
                0x0000000000000000        0xe build/stm32f0xx_ll_exti.o
 .debug_info    0x0000000000000000      0x53f build/stm32f0xx_ll_exti.o
 .debug_abbrev  0x0000000000000000      0x1aa build/stm32f0xx_ll_exti.o
 .debug_loc     0x0000000000000000      0x2ac build/stm32f0xx_ll_exti.o
 .debug_aranges
                0x0000000000000000       0x30 build/stm32f0xx_ll_exti.o
 .debug_ranges  0x0000000000000000       0x50 build/stm32f0xx_ll_exti.o
 .debug_line    0x0000000000000000      0x3a1 build/stm32f0xx_ll_exti.o
 .debug_str     0x0000000000000000      0x355 build/stm32f0xx_ll_exti.o
 .comment       0x0000000000000000       0x44 build/stm32f0xx_ll_exti.o
 .debug_frame   0x0000000000000000       0x48 build/stm32f0xx_ll_exti.o
 .ARM.attributes
                0x0000000000000000       0x2c build/stm32f0xx_ll_exti.o
 .text          0x0000000000000000        0x0 build/stm32f0xx_ll_rcc.o
 .data          0x0000000000000000        0x0 build/stm32f0xx_ll_rcc.o
 .bss           0x0000000000000000        0x0 build/stm32f0xx_ll_rcc.o
 .text.LL_RCC_DeInit
                0x0000000000000000       0xb4 build/stm32f0xx_ll_rcc.o
 .text.RCC_GetHCLKClockFreq
                0x0000000000000000       0x1c build/stm32f0xx_ll_rcc.o
 .text.RCC_GetPCLK1ClockFreq
                0x0000000000000000       0x1c build/stm32f0xx_ll_rcc.o
 .text.RCC_PLL_GetFreqDomain_SYS
                0x0000000000000000       0x3c build/stm32f0xx_ll_rcc.o
 .text.RCC_GetSystemClockFreq
                0x0000000000000000       0x20 build/stm32f0xx_ll_rcc.o
 .text.LL_RCC_GetSystemClocksFreq
                0x0000000000000000       0x18 build/stm32f0xx_ll_rcc.o
 .text.LL_RCC_GetUSARTClockFreq
                0x0000000000000000       0x68 build/stm32f0xx_ll_rcc.o
 .text.LL_RCC_GetI2CClockFreq
                0x0000000000000000       0x34 build/stm32f0xx_ll_rcc.o
 .debug_info    0x0000000000000000      0x7df build/stm32f0xx_ll_rcc.o
 .debug_abbrev  0x0000000000000000      0x2a6 build/stm32f0xx_ll_rcc.o
 .debug_loc     0x0000000000000000      0x385 build/stm32f0xx_ll_rcc.o
 .debug_aranges
                0x0000000000000000       0x58 build/stm32f0xx_ll_rcc.o
 .debug_ranges  0x0000000000000000       0x48 build/stm32f0xx_ll_rcc.o
 .debug_line    0x0000000000000000      0x58a build/stm32f0xx_ll_rcc.o
 .debug_str     0x0000000000000000      0x555 build/stm32f0xx_ll_rcc.o
 .comment       0x0000000000000000       0x44 build/stm32f0xx_ll_rcc.o
 .debug_frame   0x0000000000000000       0xc0 build/stm32f0xx_ll_rcc.o
 .ARM.attributes
                0x0000000000000000       0x2c build/stm32f0xx_ll_rcc.o
 .text          0x0000000000000000        0x0 build/stm32f0xx_ll_utils.o
 .data          0x0000000000000000        0x0 build/stm32f0xx_ll_utils.o
 .bss           0x0000000000000000        0x0 build/stm32f0xx_ll_utils.o
 .text.UTILS_GetPLLOutputFrequency
                0x0000000000000000       0x1a build/stm32f0xx_ll_utils.o
 .text.UTILS_PLL_IsBusy
                0x0000000000000000       0x14 build/stm32f0xx_ll_utils.o
 .text.LL_mDelay
                0x0000000000000000       0x28 build/stm32f0xx_ll_utils.o
 .text.LL_SetFlashLatency
                0x0000000000000000       0x48 build/stm32f0xx_ll_utils.o
 .text.UTILS_EnablePLLAndSwitchSystem
                0x0000000000000000       0xb0 build/stm32f0xx_ll_utils.o
 .text.LL_PLL_ConfigSystemClock_HSI
                0x0000000000000000       0x64 build/stm32f0xx_ll_utils.o
 .text.LL_PLL_ConfigSystemClock_HSE
                0x0000000000000000       0x90 build/stm32f0xx_ll_utils.o
 .text          0x0000000000000000        0x0 build/system_stm32f0xx.o
 .data          0x0000000000000000        0x0 build/system_stm32f0xx.o
 .bss           0x0000000000000000        0x0 build/system_stm32f0xx.o
 .text.SystemCoreClockUpdate
                0x0000000000000000       0x90 build/system_stm32f0xx.o
 .rodata.AHBPrescTable
                0x0000000000000000       0x10 build/system_stm32f0xx.o
 .rodata.APBPrescTable
                0x0000000000000000        0x8 build/system_stm32f0xx.o
 .text          0x0000000000000000        0x0 build/ds3231.o
 .data          0x0000000000000000        0x0 build/ds3231.o
 .bss           0x0000000000000000        0x0 build/ds3231.o
 .text          0x0000000000000000        0x0 build/spi_in12.o
 .data          0x0000000000000000        0x0 build/spi_in12.o
 .bss           0x0000000000000000        0x0 build/spi_in12.o
 .text          0x0000000000000000        0x0 build/control.o
 .data          0x0000000000000000        0x0 build/control.o
 .bss           0x0000000000000000        0x0 build/control.o
 .bss.butSelect
                0x0000000000000000        0x1 build/control.o
 .bss.butSet    0x0000000000000000        0x1 build/control.o
 .rodata.MAX_DATE
                0x0000000000000000        0x1 build/control.o
 .rodata.MAX_HOURS
                0x0000000000000000        0x1 build/control.o
 .rodata.MAX_MINUTES
                0x0000000000000000        0x1 build/control.o
 .rodata.MAX_MONTH
                0x0000000000000000        0x1 build/control.o
 .rodata.MAX_YEAR
                0x0000000000000000        0x1 build/control.o
 .text          0x0000000000000000        0x0 build/buttons.o
 .data          0x0000000000000000        0x0 build/buttons.o
 .bss           0x0000000000000000        0x0 build/buttons.o
 .rodata.MAX_COUNT
                0x0000000000000000        0x2 build/buttons.o
 .text          0x0000000000000000       0x14 build/startup_stm32f030x6.o
 .data          0x0000000000000000        0x0 build/startup_stm32f030x6.o
 .bss           0x0000000000000000        0x0 build/startup_stm32f030x6.o
 .text          0x0000000000000000        0x0 c:/gnu_mcu/xpack-arm-none-eabi-gcc-10.3.1-2.3/bin/../lib/gcc/arm-none-eabi/10.3.1/../../../../arm-none-eabi/lib/thumb/v6-m/nofp\libc_nano.a(lib_a-exit.o)
 .data          0x0000000000000000        0x0 c:/gnu_mcu/xpack-arm-none-eabi-gcc-10.3.1-2.3/bin/../lib/gcc/arm-none-eabi/10.3.1/../../../../arm-none-eabi/lib/thumb/v6-m/nofp\libc_nano.a(lib_a-exit.o)
 .bss           0x0000000000000000        0x0 c:/gnu_mcu/xpack-arm-none-eabi-gcc-10.3.1-2.3/bin/../lib/gcc/arm-none-eabi/10.3.1/../../../../arm-none-eabi/lib/thumb/v6-m/nofp\libc_nano.a(lib_a-exit.o)
 .text.exit     0x0000000000000000       0x2c c:/gnu_mcu/xpack-arm-none-eabi-gcc-10.3.1-2.3/bin/../lib/gcc/arm-none-eabi/10.3.1/../../../../arm-none-eabi/lib/thumb/v6-m/nofp\libc_nano.a(lib_a-exit.o)
 .comment       0x0000000000000000       0x44 c:/gnu_mcu/xpack-arm-none-eabi-gcc-10.3.1-2.3/bin/../lib/gcc/arm-none-eabi/10.3.1/../../../../arm-none-eabi/lib/thumb/v6-m/nofp\libc_nano.a(lib_a-exit.o)
 .ARM.attributes
                0x0000000000000000       0x2c c:/gnu_mcu/xpack-arm-none-eabi-gcc-10.3.1-2.3/bin/../lib/gcc/arm-none-eabi/10.3.1/../../../../arm-none-eabi/lib/thumb/v6-m/nofp\libc_nano.a(lib_a-exit.o)
 .text          0x0000000000000000        0x0 c:/gnu_mcu/xpack-arm-none-eabi-gcc-10.3.1-2.3/bin/../lib/gcc/arm-none-eabi/10.3.1/../../../../arm-none-eabi/lib/thumb/v6-m/nofp\libc_nano.a(lib_a-impure.o)
 .data          0x0000000000000000        0x0 c:/gnu_mcu/xpack-arm-none-eabi-gcc-10.3.1-2.3/bin/../lib/gcc/arm-none-eabi/10.3.1/../../../../arm-none-eabi/lib/thumb/v6-m/nofp\libc_nano.a(lib_a-impure.o)
 .bss           0x0000000000000000        0x0 c:/gnu_mcu/xpack-arm-none-eabi-gcc-10.3.1-2.3/bin/../lib/gcc/arm-none-eabi/10.3.1/../../../../arm-none-eabi/lib/thumb/v6-m/nofp\libc_nano.a(lib_a-impure.o)
 .data._impure_ptr
                0x0000000000000000        0x4 c:/gnu_mcu/xpack-arm-none-eabi-gcc-10.3.1-2.3/bin/../lib/gcc/arm-none-eabi/10.3.1/../../../../arm-none-eabi/lib/thumb/v6-m/nofp\libc_nano.a(lib_a-impure.o)
 .data.impure_data
                0x0000000000000000       0x60 c:/gnu_mcu/xpack-arm-none-eabi-gcc-10.3.1-2.3/bin/../lib/gcc/arm-none-eabi/10.3.1/../../../../arm-none-eabi/lib/thumb/v6-m/nofp\libc_nano.a(lib_a-impure.o)
 .rodata._global_impure_ptr
                0x0000000000000000        0x4 c:/gnu_mcu/xpack-arm-none-eabi-gcc-10.3.1-2.3/bin/../lib/gcc/arm-none-eabi/10.3.1/../../../../arm-none-eabi/lib/thumb/v6-m/nofp\libc_nano.a(lib_a-impure.o)
 .comment       0x0000000000000000       0x44 c:/gnu_mcu/xpack-arm-none-eabi-gcc-10.3.1-2.3/bin/../lib/gcc/arm-none-eabi/10.3.1/../../../../arm-none-eabi/lib/thumb/v6-m/nofp\libc_nano.a(lib_a-impure.o)
 .ARM.attributes
                0x0000000000000000       0x2c c:/gnu_mcu/xpack-arm-none-eabi-gcc-10.3.1-2.3/bin/../lib/gcc/arm-none-eabi/10.3.1/../../../../arm-none-eabi/lib/thumb/v6-m/nofp\libc_nano.a(lib_a-impure.o)
 .text          0x0000000000000000        0x0 c:/gnu_mcu/xpack-arm-none-eabi-gcc-10.3.1-2.3/bin/../lib/gcc/arm-none-eabi/10.3.1/../../../../arm-none-eabi/lib/thumb/v6-m/nofp\libc_nano.a(lib_a-init.o)
 .data          0x0000000000000000        0x0 c:/gnu_mcu/xpack-arm-none-eabi-gcc-10.3.1-2.3/bin/../lib/gcc/arm-none-eabi/10.3.1/../../../../arm-none-eabi/lib/thumb/v6-m/nofp\libc_nano.a(lib_a-init.o)
 .bss           0x0000000000000000        0x0 c:/gnu_mcu/xpack-arm-none-eabi-gcc-10.3.1-2.3/bin/../lib/gcc/arm-none-eabi/10.3.1/../../../../arm-none-eabi/lib/thumb/v6-m/nofp\libc_nano.a(lib_a-init.o)
 .text          0x0000000000000000        0x0 c:/gnu_mcu/xpack-arm-none-eabi-gcc-10.3.1-2.3/bin/../lib/gcc/arm-none-eabi/10.3.1/../../../../arm-none-eabi/lib/thumb/v6-m/nofp\libc_nano.a(lib_a-memset.o)
 .data          0x0000000000000000        0x0 c:/gnu_mcu/xpack-arm-none-eabi-gcc-10.3.1-2.3/bin/../lib/gcc/arm-none-eabi/10.3.1/../../../../arm-none-eabi/lib/thumb/v6-m/nofp\libc_nano.a(lib_a-memset.o)
 .bss           0x0000000000000000        0x0 c:/gnu_mcu/xpack-arm-none-eabi-gcc-10.3.1-2.3/bin/../lib/gcc/arm-none-eabi/10.3.1/../../../../arm-none-eabi/lib/thumb/v6-m/nofp\libc_nano.a(lib_a-memset.o)
 .text          0x0000000000000000        0x0 c:/gnu_mcu/xpack-arm-none-eabi-gcc-10.3.1-2.3/bin/../lib/gcc/arm-none-eabi/10.3.1/../../../../arm-none-eabi/lib/thumb/v6-m/nofp\libnosys.a(_exit.o)
 .data          0x0000000000000000        0x0 c:/gnu_mcu/xpack-arm-none-eabi-gcc-10.3.1-2.3/bin/../lib/gcc/arm-none-eabi/10.3.1/../../../../arm-none-eabi/lib/thumb/v6-m/nofp\libnosys.a(_exit.o)
 .bss           0x0000000000000000        0x0 c:/gnu_mcu/xpack-arm-none-eabi-gcc-10.3.1-2.3/bin/../lib/gcc/arm-none-eabi/10.3.1/../../../../arm-none-eabi/lib/thumb/v6-m/nofp\libnosys.a(_exit.o)
 .text._exit    0x0000000000000000        0x4 c:/gnu_mcu/xpack-arm-none-eabi-gcc-10.3.1-2.3/bin/../lib/gcc/arm-none-eabi/10.3.1/../../../../arm-none-eabi/lib/thumb/v6-m/nofp\libnosys.a(_exit.o)
 .ARM.extab.text._exit
                0x0000000000000000        0x0 c:/gnu_mcu/xpack-arm-none-eabi-gcc-10.3.1-2.3/bin/../lib/gcc/arm-none-eabi/10.3.1/../../../../arm-none-eabi/lib/thumb/v6-m/nofp\libnosys.a(_exit.o)
 .ARM.exidx.text._exit
                0x0000000000000000        0x8 c:/gnu_mcu/xpack-arm-none-eabi-gcc-10.3.1-2.3/bin/../lib/gcc/arm-none-eabi/10.3.1/../../../../arm-none-eabi/lib/thumb/v6-m/nofp\libnosys.a(_exit.o)
 .comment       0x0000000000000000       0x44 c:/gnu_mcu/xpack-arm-none-eabi-gcc-10.3.1-2.3/bin/../lib/gcc/arm-none-eabi/10.3.1/../../../../arm-none-eabi/lib/thumb/v6-m/nofp\libnosys.a(_exit.o)
 .ARM.attributes
                0x0000000000000000       0x2c c:/gnu_mcu/xpack-arm-none-eabi-gcc-10.3.1-2.3/bin/../lib/gcc/arm-none-eabi/10.3.1/../../../../arm-none-eabi/lib/thumb/v6-m/nofp\libnosys.a(_exit.o)
 .data          0x0000000000000000        0x0 c:/gnu_mcu/xpack-arm-none-eabi-gcc-10.3.1-2.3/bin/../lib/gcc/arm-none-eabi/10.3.1/thumb/v6-m/nofp\libgcc.a(_udivsi3.o)
 .bss           0x0000000000000000        0x0 c:/gnu_mcu/xpack-arm-none-eabi-gcc-10.3.1-2.3/bin/../lib/gcc/arm-none-eabi/10.3.1/thumb/v6-m/nofp\libgcc.a(_udivsi3.o)
 .data          0x0000000000000000        0x0 c:/gnu_mcu/xpack-arm-none-eabi-gcc-10.3.1-2.3/bin/../lib/gcc/arm-none-eabi/10.3.1/thumb/v6-m/nofp\libgcc.a(_dvmd_tls.o)
 .bss           0x0000000000000000        0x0 c:/gnu_mcu/xpack-arm-none-eabi-gcc-10.3.1-2.3/bin/../lib/gcc/arm-none-eabi/10.3.1/thumb/v6-m/nofp\libgcc.a(_dvmd_tls.o)
 .text          0x0000000000000000        0x0 c:/gnu_mcu/xpack-arm-none-eabi-gcc-10.3.1-2.3/bin/../lib/gcc/arm-none-eabi/10.3.1/thumb/v6-m/nofp/crtend.o
 .data          0x0000000000000000        0x0 c:/gnu_mcu/xpack-arm-none-eabi-gcc-10.3.1-2.3/bin/../lib/gcc/arm-none-eabi/10.3.1/thumb/v6-m/nofp/crtend.o
 .bss           0x0000000000000000        0x0 c:/gnu_mcu/xpack-arm-none-eabi-gcc-10.3.1-2.3/bin/../lib/gcc/arm-none-eabi/10.3.1/thumb/v6-m/nofp/crtend.o
 .rodata.all_implied_fbits
                0x0000000000000000       0x24 c:/gnu_mcu/xpack-arm-none-eabi-gcc-10.3.1-2.3/bin/../lib/gcc/arm-none-eabi/10.3.1/thumb/v6-m/nofp/crtend.o
 .eh_frame      0x0000000000000000        0x4 c:/gnu_mcu/xpack-arm-none-eabi-gcc-10.3.1-2.3/bin/../lib/gcc/arm-none-eabi/10.3.1/thumb/v6-m/nofp/crtend.o
 .comment       0x0000000000000000       0x44 c:/gnu_mcu/xpack-arm-none-eabi-gcc-10.3.1-2.3/bin/../lib/gcc/arm-none-eabi/10.3.1/thumb/v6-m/nofp/crtend.o
 .ARM.attributes
                0x0000000000000000       0x2c c:/gnu_mcu/xpack-arm-none-eabi-gcc-10.3.1-2.3/bin/../lib/gcc/arm-none-eabi/10.3.1/thumb/v6-m/nofp/crtend.o
 .text          0x0000000000000000        0x0 c:/gnu_mcu/xpack-arm-none-eabi-gcc-10.3.1-2.3/bin/../lib/gcc/arm-none-eabi/10.3.1/thumb/v6-m/nofp/crtn.o
 .data          0x0000000000000000        0x0 c:/gnu_mcu/xpack-arm-none-eabi-gcc-10.3.1-2.3/bin/../lib/gcc/arm-none-eabi/10.3.1/thumb/v6-m/nofp/crtn.o
 .bss           0x0000000000000000        0x0 c:/gnu_mcu/xpack-arm-none-eabi-gcc-10.3.1-2.3/bin/../lib/gcc/arm-none-eabi/10.3.1/thumb/v6-m/nofp/crtn.o

Memory Configuration

Name             Origin             Length             Attributes
RAM              0x0000000020000000 0x0000000000001000 xrw
FLASH            0x0000000008000000 0x0000000000004000 xr
*default*        0x0000000000000000 0xffffffffffffffff

Linker script and memory map

LOAD c:/gnu_mcu/xpack-arm-none-eabi-gcc-10.3.1-2.3/bin/../lib/gcc/arm-none-eabi/10.3.1/thumb/v6-m/nofp/crti.o
LOAD c:/gnu_mcu/xpack-arm-none-eabi-gcc-10.3.1-2.3/bin/../lib/gcc/arm-none-eabi/10.3.1/thumb/v6-m/nofp/crtbegin.o
LOAD c:/gnu_mcu/xpack-arm-none-eabi-gcc-10.3.1-2.3/bin/../lib/gcc/arm-none-eabi/10.3.1/../../../../arm-none-eabi/lib/thumb/v6-m/nofp/crt0.o
LOAD build/main.o
LOAD build/gpio.o
LOAD build/stm32f0xx_it.o
LOAD build/stm32f0xx_ll_gpio.o
LOAD build/stm32f0xx_ll_pwr.o
LOAD build/stm32f0xx_ll_exti.o
LOAD build/stm32f0xx_ll_rcc.o
LOAD build/stm32f0xx_ll_utils.o
LOAD build/system_stm32f0xx.o
LOAD build/ds3231.o
LOAD build/spi_in12.o
LOAD build/control.o
LOAD build/buttons.o
LOAD build/startup_stm32f030x6.o
LOAD c:/gnu_mcu/xpack-arm-none-eabi-gcc-10.3.1-2.3/bin/../lib/gcc/arm-none-eabi/10.3.1/../../../../arm-none-eabi/lib/thumb/v6-m/nofp\libc_nano.a
LOAD c:/gnu_mcu/xpack-arm-none-eabi-gcc-10.3.1-2.3/bin/../lib/gcc/arm-none-eabi/10.3.1/../../../../arm-none-eabi/lib/thumb/v6-m/nofp\libm.a
LOAD c:/gnu_mcu/xpack-arm-none-eabi-gcc-10.3.1-2.3/bin/../lib/gcc/arm-none-eabi/10.3.1/../../../../arm-none-eabi/lib/thumb/v6-m/nofp\libnosys.a
START GROUP
LOAD c:/gnu_mcu/xpack-arm-none-eabi-gcc-10.3.1-2.3/bin/../lib/gcc/arm-none-eabi/10.3.1/thumb/v6-m/nofp\libgcc.a
LOAD c:/gnu_mcu/xpack-arm-none-eabi-gcc-10.3.1-2.3/bin/../lib/gcc/arm-none-eabi/10.3.1/../../../../arm-none-eabi/lib/thumb/v6-m/nofp\libc_nano.a
END GROUP
START GROUP
LOAD c:/gnu_mcu/xpack-arm-none-eabi-gcc-10.3.1-2.3/bin/../lib/gcc/arm-none-eabi/10.3.1/thumb/v6-m/nofp\libgcc.a
LOAD c:/gnu_mcu/xpack-arm-none-eabi-gcc-10.3.1-2.3/bin/../lib/gcc/arm-none-eabi/10.3.1/../../../../arm-none-eabi/lib/thumb/v6-m/nofp\libc_nano.a
END GROUP
LOAD c:/gnu_mcu/xpack-arm-none-eabi-gcc-10.3.1-2.3/bin/../lib/gcc/arm-none-eabi/10.3.1/thumb/v6-m/nofp/crtend.o
LOAD c:/gnu_mcu/xpack-arm-none-eabi-gcc-10.3.1-2.3/bin/../lib/gcc/arm-none-eabi/10.3.1/thumb/v6-m/nofp/crtn.o
                0x0000000020001000                _estack = (ORIGIN (RAM) + LENGTH (RAM))
                0x0000000000000200                _Min_Heap_Size = 0x200
                0x0000000000000400                _Min_Stack_Size = 0x400

.isr_vector     0x0000000008000000       0xc0
                0x0000000008000000                . = ALIGN (0x4)
 *(.isr_vector)
 .isr_vector    0x0000000008000000       0xc0 build/startup_stm32f030x6.o
                0x0000000008000000                g_pfnVectors
                0x00000000080000c0                . = ALIGN (0x4)

.text           0x00000000080000c0      0xd78
                0x00000000080000c0                . = ALIGN (0x4)
 *(.text)
 .text          0x00000000080000c0      0x114 c:/gnu_mcu/xpack-arm-none-eabi-gcc-10.3.1-2.3/bin/../lib/gcc/arm-none-eabi/10.3.1/thumb/v6-m/nofp\libgcc.a(_udivsi3.o)
                0x00000000080000c0                __aeabi_uidiv
                0x00000000080000c0                __udivsi3
                0x00000000080001cc                __aeabi_uidivmod
 .text          0x00000000080001d4        0x4 c:/gnu_mcu/xpack-arm-none-eabi-gcc-10.3.1-2.3/bin/../lib/gcc/arm-none-eabi/10.3.1/thumb/v6-m/nofp\libgcc.a(_dvmd_tls.o)
                0x00000000080001d4                __aeabi_idiv0
                0x00000000080001d4                __aeabi_ldiv0
 *(.text*)
 .text.__do_global_dtors_aux
                0x00000000080001d8       0x28 c:/gnu_mcu/xpack-arm-none-eabi-gcc-10.3.1-2.3/bin/../lib/gcc/arm-none-eabi/10.3.1/thumb/v6-m/nofp/crtbegin.o
 .text.frame_dummy
                0x0000000008000200       0x20 c:/gnu_mcu/xpack-arm-none-eabi-gcc-10.3.1-2.3/bin/../lib/gcc/arm-none-eabi/10.3.1/thumb/v6-m/nofp/crtbegin.o
 .text.SystemClock_Config
                0x0000000008000220       0xb8 build/main.o
                0x0000000008000220                SystemClock_Config
 .text.main     0x00000000080002d8       0x50 build/main.o
                0x00000000080002d8                main
 .text.MX_GPIO_Init
                0x0000000008000328       0x20 build/gpio.o
                0x0000000008000328                MX_GPIO_Init
 .text.NMI_Handler
                0x0000000008000348        0x2 build/stm32f0xx_it.o
                0x0000000008000348                NMI_Handler
 .text.HardFault_Handler
                0x000000000800034a        0x2 build/stm32f0xx_it.o
                0x000000000800034a                HardFault_Handler
 .text.SVC_Handler
                0x000000000800034c        0x2 build/stm32f0xx_it.o
                0x000000000800034c                SVC_Handler
 .text.PendSV_Handler
                0x000000000800034e        0x2 build/stm32f0xx_it.o
                0x000000000800034e                PendSV_Handler
 .text.SysTick_Handler
                0x0000000008000350        0x2 build/stm32f0xx_it.o
                0x0000000008000350                SysTick_Handler
 .text.LL_GPIO_Init
                0x0000000008000352       0xb0 build/stm32f0xx_ll_gpio.o
                0x0000000008000352                LL_GPIO_Init
 *fill*         0x0000000008000402        0x2 
 .text.LL_Init1msTick
                0x0000000008000404       0x20 build/stm32f0xx_ll_utils.o
                0x0000000008000404                LL_Init1msTick
 .text.LL_SetSystemCoreClock
                0x0000000008000424        0xc build/stm32f0xx_ll_utils.o
                0x0000000008000424                LL_SetSystemCoreClock
 .text.SystemInit
                0x0000000008000430        0x2 build/system_stm32f0xx.o
                0x0000000008000430                SystemInit
 *fill*         0x0000000008000432        0x2 
 .text.init_DS3231
                0x0000000008000434       0x6c build/ds3231.o
                0x0000000008000434                init_DS3231
 .text.readReg_DS3231
                0x00000000080004a0       0xa0 build/ds3231.o
                0x00000000080004a0                readReg_DS3231
 .text.getMinutesHours
                0x0000000008000540       0xd8 build/ds3231.o
                0x0000000008000540                getMinutesHours
 .text.writeReg_DS3231
                0x0000000008000618       0x84 build/ds3231.o
                0x0000000008000618                writeReg_DS3231
 .text.getDate  0x000000000800069c       0x1a build/ds3231.o
                0x000000000800069c                getDate
 .text.getMonth
                0x00000000080006b6       0x1a build/ds3231.o
                0x00000000080006b6                getMonth
 .text.getYear  0x00000000080006d0       0x1a build/ds3231.o
                0x00000000080006d0                getYear
 *fill*         0x00000000080006ea        0x2 
 .text.init_IN12
                0x00000000080006ec       0xcc build/spi_in12.o
                0x00000000080006ec                init_IN12
 .text.spiWriteByte
                0x00000000080007b8       0x18 build/spi_in12.o
                0x00000000080007b8                spiWriteByte
 .text.showFrame
                0x00000000080007d0       0xd0 build/spi_in12.o
                0x00000000080007d0                showFrame
 .text.setFrame
                0x00000000080008a0       0x40 build/spi_in12.o
                0x00000000080008a0                setFrame
 .text.TIM16_IRQHandler
                0x00000000080008e0       0x1c build/spi_in12.o
                0x00000000080008e0                TIM16_IRQHandler
 .text.init_Control
                0x00000000080008fc       0xac build/control.o
                0x00000000080008fc                init_Control
 .text.clockControl
                0x00000000080009a8      0x23c build/control.o
                0x00000000080009a8                clockControl
 .text.TIM14_IRQHandler
                0x0000000008000be4       0x20 build/control.o
                0x0000000008000be4                TIM14_IRQHandler
 .text.TIM17_IRQHandler
                0x0000000008000c04       0x64 build/control.o
                0x0000000008000c04                TIM17_IRQHandler
 .text.init_BUTTONS
                0x0000000008000c68       0x40 build/buttons.o
                0x0000000008000c68                init_BUTTONS
 .text.incCount
                0x0000000008000ca8       0x10 build/buttons.o
                0x0000000008000ca8                incCount
 .text.getStateButSet
                0x0000000008000cb8        0xc build/buttons.o
                0x0000000008000cb8                getStateButSet
 .text.getStateButSelect
                0x0000000008000cc4        0xc build/buttons.o
                0x0000000008000cc4                getStateButSelect
 .text.setStateButSet
                0x0000000008000cd0        0xc build/buttons.o
                0x0000000008000cd0                setStateButSet
 .text.setStateButSelect
                0x0000000008000cdc        0xc build/buttons.o
                0x0000000008000cdc                setStateButSelect
 .text.setStateButtons
                0x0000000008000ce8       0x24 build/buttons.o
                0x0000000008000ce8                setStateButtons
 .text.scanButtons
                0x0000000008000d0c       0x68 build/buttons.o
                0x0000000008000d0c                scanButtons
 .text.Reset_Handler
                0x0000000008000d74       0x50 build/startup_stm32f030x6.o
                0x0000000008000d74                Reset_Handler
 .text.Default_Handler
                0x0000000008000dc4        0x2 build/startup_stm32f030x6.o
                0x0000000008000dc4                TIM1_CC_IRQHandler
                0x0000000008000dc4                I2C1_IRQHandler
                0x0000000008000dc4                SPI1_IRQHandler
                0x0000000008000dc4                EXTI2_3_IRQHandler
                0x0000000008000dc4                ADC1_IRQHandler
                0x0000000008000dc4                RTC_IRQHandler
                0x0000000008000dc4                TIM3_IRQHandler
                0x0000000008000dc4                EXTI4_15_IRQHandler
                0x0000000008000dc4                RCC_IRQHandler
                0x0000000008000dc4                DMA1_Channel1_IRQHandler
                0x0000000008000dc4                Default_Handler
                0x0000000008000dc4                DMA1_Channel4_5_IRQHandler
                0x0000000008000dc4                EXTI0_1_IRQHandler
                0x0000000008000dc4                WWDG_IRQHandler
                0x0000000008000dc4                DMA1_Channel2_3_IRQHandler
                0x0000000008000dc4                FLASH_IRQHandler
                0x0000000008000dc4                USART1_IRQHandler
                0x0000000008000dc4                TIM1_BRK_UP_TRG_COM_IRQHandler
 *fill*         0x0000000008000dc6        0x2 
 .text.__libc_init_array
                0x0000000008000dc8       0x48 c:/gnu_mcu/xpack-arm-none-eabi-gcc-10.3.1-2.3/bin/../lib/gcc/arm-none-eabi/10.3.1/../../../../arm-none-eabi/lib/thumb/v6-m/nofp\libc_nano.a(lib_a-init.o)
                0x0000000008000dc8                __libc_init_array
 .text.memset   0x0000000008000e10       0x10 c:/gnu_mcu/xpack-arm-none-eabi-gcc-10.3.1-2.3/bin/../lib/gcc/arm-none-eabi/10.3.1/../../../../arm-none-eabi/lib/thumb/v6-m/nofp\libc_nano.a(lib_a-memset.o)
                0x0000000008000e10                memset
 *(.glue_7)
 .glue_7        0x0000000008000e20        0x0 linker stubs
 *(.glue_7t)
 .glue_7t       0x0000000008000e20        0x0 linker stubs
 *(.eh_frame)
 .eh_frame      0x0000000008000e20        0x0 c:/gnu_mcu/xpack-arm-none-eabi-gcc-10.3.1-2.3/bin/../lib/gcc/arm-none-eabi/10.3.1/thumb/v6-m/nofp/crtbegin.o
 *(.init)
 .init          0x0000000008000e20        0x4 c:/gnu_mcu/xpack-arm-none-eabi-gcc-10.3.1-2.3/bin/../lib/gcc/arm-none-eabi/10.3.1/thumb/v6-m/nofp/crti.o
                0x0000000008000e20                _init
 .init          0x0000000008000e24        0x8 c:/gnu_mcu/xpack-arm-none-eabi-gcc-10.3.1-2.3/bin/../lib/gcc/arm-none-eabi/10.3.1/thumb/v6-m/nofp/crtn.o
 *(.fini)
 .fini          0x0000000008000e2c        0x4 c:/gnu_mcu/xpack-arm-none-eabi-gcc-10.3.1-2.3/bin/../lib/gcc/arm-none-eabi/10.3.1/thumb/v6-m/nofp/crti.o
                0x0000000008000e2c                _fini
 .fini          0x0000000008000e30        0x8 c:/gnu_mcu/xpack-arm-none-eabi-gcc-10.3.1-2.3/bin/../lib/gcc/arm-none-eabi/10.3.1/thumb/v6-m/nofp/crtn.o
                0x0000000008000e38                . = ALIGN (0x4)
                0x0000000008000e38                _etext = .

.vfp11_veneer   0x0000000008000e38        0x0
 .vfp11_veneer  0x0000000008000e38        0x0 linker stubs

.v4_bx          0x0000000008000e38        0x0
 .v4_bx         0x0000000008000e38        0x0 linker stubs

.iplt           0x0000000008000e38        0x0
 .iplt          0x0000000008000e38        0x0 c:/gnu_mcu/xpack-arm-none-eabi-gcc-10.3.1-2.3/bin/../lib/gcc/arm-none-eabi/10.3.1/thumb/v6-m/nofp/crtbegin.o

.rodata         0x0000000008000e38       0x18
                0x0000000008000e38                . = ALIGN (0x4)
 *(.rodata)
 *(.rodata*)
 .rodata.digArr
                0x0000000008000e38        0xa build/spi_in12.o
                0x0000000008000e38                digArr
 *fill*         0x0000000008000e42        0x2 
 .rodata.scanLineArr
                0x0000000008000e44        0x4 build/spi_in12.o
                0x0000000008000e44                scanLineArr
 .rodata.scanLine_mask21
                0x0000000008000e48        0x4 build/spi_in12.o
                0x0000000008000e48                scanLine_mask21
 .rodata.scanLine_mask43
                0x0000000008000e4c        0x4 build/spi_in12.o
                0x0000000008000e4c                scanLine_mask43
                0x0000000008000e50                . = ALIGN (0x4)

.rel.dyn        0x0000000008000e50        0x0
 .rel.iplt      0x0000000008000e50        0x0 c:/gnu_mcu/xpack-arm-none-eabi-gcc-10.3.1-2.3/bin/../lib/gcc/arm-none-eabi/10.3.1/thumb/v6-m/nofp/crtbegin.o

.ARM.extab
 *(.ARM.extab* .gnu.linkonce.armextab.*)

.ARM            0x0000000008000e50        0x0
                0x0000000008000e50                __exidx_start = .
 *(.ARM.exidx*)
                0x0000000008000e50                __exidx_end = .

.preinit_array  0x0000000008000e50        0x0
                0x0000000008000e50                PROVIDE (__preinit_array_start = .)
 *(.preinit_array*)
                0x0000000008000e50                PROVIDE (__preinit_array_end = .)

.init_array     0x0000000008000e50        0x4
                0x0000000008000e50                PROVIDE (__init_array_start = .)
 *(SORT_BY_NAME(.init_array.*))
 *(.init_array*)
 .init_array    0x0000000008000e50        0x4 c:/gnu_mcu/xpack-arm-none-eabi-gcc-10.3.1-2.3/bin/../lib/gcc/arm-none-eabi/10.3.1/thumb/v6-m/nofp/crtbegin.o
                0x0000000008000e54                PROVIDE (__init_array_end = .)

.fini_array     0x0000000008000e54        0x4
                [!provide]                        PROVIDE (__fini_array_start = .)
 *(SORT_BY_NAME(.fini_array.*))
 *(.fini_array*)
 .fini_array    0x0000000008000e54        0x4 c:/gnu_mcu/xpack-arm-none-eabi-gcc-10.3.1-2.3/bin/../lib/gcc/arm-none-eabi/10.3.1/thumb/v6-m/nofp/crtbegin.o
                [!provide]                        PROVIDE (__fini_array_end = .)
                0x0000000008000e58                _sidata = LOADADDR (.data)

.data           0x0000000020000000        0x4 load address 0x0000000008000e58
                0x0000000020000000                . = ALIGN (0x4)
                0x0000000020000000                _sdata = .
 *(.data)
 *(.data*)
 .data.SystemCoreClock
                0x0000000020000000        0x4 build/system_stm32f0xx.o
                0x0000000020000000                SystemCoreClock
                0x0000000020000004                . = ALIGN (0x4)
                0x0000000020000004                _edata = .

.igot.plt       0x0000000020000004        0x0 load address 0x0000000008000e5c
 .igot.plt      0x0000000020000004        0x0 c:/gnu_mcu/xpack-arm-none-eabi-gcc-10.3.1-2.3/bin/../lib/gcc/arm-none-eabi/10.3.1/thumb/v6-m/nofp/crtbegin.o
                0x0000000020000004                . = ALIGN (0x4)

.bss            0x0000000020000004       0x30 load address 0x0000000008000e5c
                0x0000000020000004                _sbss = .
                0x0000000020000004                __bss_start__ = _sbss
 *(.bss)
 *(.bss*)
 .bss.completed.1
                0x0000000020000004        0x1 c:/gnu_mcu/xpack-arm-none-eabi-gcc-10.3.1-2.3/bin/../lib/gcc/arm-none-eabi/10.3.1/thumb/v6-m/nofp/crtbegin.o
 *fill*         0x0000000020000005        0x3 
 .bss.object.0  0x0000000020000008       0x18 c:/gnu_mcu/xpack-arm-none-eabi-gcc-10.3.1-2.3/bin/../lib/gcc/arm-none-eabi/10.3.1/thumb/v6-m/nofp/crtbegin.o
 .bss.time      0x0000000020000020        0x2 build/ds3231.o
                0x0000000020000020                time
 *fill*         0x0000000020000022        0x2 
 .bss.frameBuff
                0x0000000020000024        0x4 build/spi_in12.o
                0x0000000020000024                frameBuff
 .bss.indCount  0x0000000020000028        0x1 build/spi_in12.o
                0x0000000020000028                indCount
 .bss.modeInd   0x0000000020000029        0x1 build/spi_in12.o
                0x0000000020000029                modeInd
 .bss.fReady    0x000000002000002a        0x1 build/control.o
                0x000000002000002a                fReady
 .bss.stateShow
                0x000000002000002b        0x1 build/control.o
                0x000000002000002b                stateShow
 .bss.buttonSelect
                0x000000002000002c        0x1 build/buttons.o
                0x000000002000002c                buttonSelect
 .bss.buttonSet
                0x000000002000002d        0x1 build/buttons.o
                0x000000002000002d                buttonSet
 .bss.countDeBouce
                0x000000002000002e        0x2 build/buttons.o
                0x000000002000002e                countDeBouce
 .bss.lastKey   0x0000000020000030        0x1 build/buttons.o
                0x0000000020000030                lastKey
 *(COMMON)
                0x0000000020000034                . = ALIGN (0x4)
 *fill*         0x0000000020000031        0x3 
                0x0000000020000034                _ebss = .
                0x0000000020000034                __bss_end__ = _ebss

._user_heap_stack
                0x0000000020000034      0x604 load address 0x0000000008000e5c
                0x0000000020000038                . = ALIGN (0x8)
 *fill*         0x0000000020000034        0x4 
                [!provide]                        PROVIDE (end = .)
                [!provide]                        PROVIDE (_end = .)
                0x0000000020000238                . = (. + _Min_Heap_Size)
 *fill*         0x0000000020000038      0x200 
                0x0000000020000638                . = (. + _Min_Stack_Size)
 *fill*         0x0000000020000238      0x400 
                0x0000000020000638                . = ALIGN (0x8)

/DISCARD/
 libc.a(*)
 libm.a(*)
 libgcc.a(*)

.ARM.attributes
                0x0000000000000000       0x28
 *(.ARM.attributes)
 .ARM.attributes
                0x0000000000000000       0x1e c:/gnu_mcu/xpack-arm-none-eabi-gcc-10.3.1-2.3/bin/../lib/gcc/arm-none-eabi/10.3.1/thumb/v6-m/nofp/crti.o
 .ARM.attributes
                0x000000000000001e       0x2c c:/gnu_mcu/xpack-arm-none-eabi-gcc-10.3.1-2.3/bin/../lib/gcc/arm-none-eabi/10.3.1/thumb/v6-m/nofp/crtbegin.o
 .ARM.attributes
                0x000000000000004a       0x2c build/main.o
 .ARM.attributes
                0x0000000000000076       0x2c build/gpio.o
 .ARM.attributes
                0x00000000000000a2       0x2c build/stm32f0xx_it.o
 .ARM.attributes
                0x00000000000000ce       0x2c build/stm32f0xx_ll_gpio.o
 .ARM.attributes
                0x00000000000000fa       0x2c build/stm32f0xx_ll_utils.o
 .ARM.attributes
                0x0000000000000126       0x2c build/system_stm32f0xx.o
 .ARM.attributes
                0x0000000000000152       0x2c build/ds3231.o
 .ARM.attributes
                0x000000000000017e       0x2c build/spi_in12.o
 .ARM.attributes
                0x00000000000001aa       0x2c build/control.o
 .ARM.attributes
                0x00000000000001d6       0x2c build/buttons.o
 .ARM.attributes
                0x0000000000000202       0x21 build/startup_stm32f030x6.o
 .ARM.attributes
                0x0000000000000223       0x2c c:/gnu_mcu/xpack-arm-none-eabi-gcc-10.3.1-2.3/bin/../lib/gcc/arm-none-eabi/10.3.1/../../../../arm-none-eabi/lib/thumb/v6-m/nofp\libc_nano.a(lib_a-init.o)
 .ARM.attributes
                0x000000000000024f       0x2c c:/gnu_mcu/xpack-arm-none-eabi-gcc-10.3.1-2.3/bin/../lib/gcc/arm-none-eabi/10.3.1/../../../../arm-none-eabi/lib/thumb/v6-m/nofp\libc_nano.a(lib_a-memset.o)
 .ARM.attributes
                0x000000000000027b       0x1e c:/gnu_mcu/xpack-arm-none-eabi-gcc-10.3.1-2.3/bin/../lib/gcc/arm-none-eabi/10.3.1/thumb/v6-m/nofp\libgcc.a(_udivsi3.o)
 .ARM.attributes
                0x0000000000000299       0x1e c:/gnu_mcu/xpack-arm-none-eabi-gcc-10.3.1-2.3/bin/../lib/gcc/arm-none-eabi/10.3.1/thumb/v6-m/nofp\libgcc.a(_dvmd_tls.o)
 .ARM.attributes
                0x00000000000002b7       0x1e c:/gnu_mcu/xpack-arm-none-eabi-gcc-10.3.1-2.3/bin/../lib/gcc/arm-none-eabi/10.3.1/thumb/v6-m/nofp/crtn.o
OUTPUT(build/Clock_IN12.elf elf32-littlearm)
LOAD linker stubs
LOAD c:/gnu_mcu/xpack-arm-none-eabi-gcc-10.3.1-2.3/bin/../lib/gcc/arm-none-eabi/10.3.1/../../../../arm-none-eabi/lib/thumb/v6-m/nofp\libc.a
LOAD c:/gnu_mcu/xpack-arm-none-eabi-gcc-10.3.1-2.3/bin/../lib/gcc/arm-none-eabi/10.3.1/../../../../arm-none-eabi/lib/thumb/v6-m/nofp\libm.a
LOAD c:/gnu_mcu/xpack-arm-none-eabi-gcc-10.3.1-2.3/bin/../lib/gcc/arm-none-eabi/10.3.1/thumb/v6-m/nofp\libgcc.a

.comment        0x0000000000000000       0x43
 .comment       0x0000000000000000       0x43 c:/gnu_mcu/xpack-arm-none-eabi-gcc-10.3.1-2.3/bin/../lib/gcc/arm-none-eabi/10.3.1/thumb/v6-m/nofp/crtbegin.o
                                         0x44 (size before relaxing)
 .comment       0x0000000000000043       0x44 build/main.o
 .comment       0x0000000000000043       0x44 build/gpio.o
 .comment       0x0000000000000043       0x44 build/stm32f0xx_it.o
 .comment       0x0000000000000043       0x44 build/stm32f0xx_ll_gpio.o
 .comment       0x0000000000000043       0x44 build/stm32f0xx_ll_utils.o
 .comment       0x0000000000000043       0x44 build/system_stm32f0xx.o
 .comment       0x0000000000000043       0x44 build/ds3231.o
 .comment       0x0000000000000043       0x44 build/spi_in12.o
 .comment       0x0000000000000043       0x44 build/control.o
 .comment       0x0000000000000043       0x44 build/buttons.o
 .comment       0x0000000000000043       0x44 c:/gnu_mcu/xpack-arm-none-eabi-gcc-10.3.1-2.3/bin/../lib/gcc/arm-none-eabi/10.3.1/../../../../arm-none-eabi/lib/thumb/v6-m/nofp\libc_nano.a(lib_a-init.o)
 .comment       0x0000000000000043       0x44 c:/gnu_mcu/xpack-arm-none-eabi-gcc-10.3.1-2.3/bin/../lib/gcc/arm-none-eabi/10.3.1/../../../../arm-none-eabi/lib/thumb/v6-m/nofp\libc_nano.a(lib_a-memset.o)

.debug_info     0x0000000000000000     0x4385
 .debug_info    0x0000000000000000      0x723 build/main.o
 .debug_info    0x0000000000000723      0x232 build/gpio.o
 .debug_info    0x0000000000000955      0x122 build/stm32f0xx_it.o
 .debug_info    0x0000000000000a77      0x82a build/stm32f0xx_ll_gpio.o
 .debug_info    0x00000000000012a1      0xb09 build/stm32f0xx_ll_utils.o
 .debug_info    0x0000000000001daa      0x2b5 build/system_stm32f0xx.o
 .debug_info    0x000000000000205f      0x615 build/ds3231.o
 .debug_info    0x0000000000002674      0x8f7 build/spi_in12.o
 .debug_info    0x0000000000002f6b      0xef2 build/control.o
 .debug_info    0x0000000000003e5d      0x506 build/buttons.o
 .debug_info    0x0000000000004363       0x22 build/startup_stm32f030x6.o

.debug_abbrev   0x0000000000000000     0x1305
 .debug_abbrev  0x0000000000000000      0x21f build/main.o
 .debug_abbrev  0x000000000000021f      0x122 build/gpio.o
 .debug_abbrev  0x0000000000000341       0x7f build/stm32f0xx_it.o
 .debug_abbrev  0x00000000000003c0      0x231 build/stm32f0xx_ll_gpio.o
 .debug_abbrev  0x00000000000005f1      0x32f build/stm32f0xx_ll_utils.o
 .debug_abbrev  0x0000000000000920      0x134 build/system_stm32f0xx.o
 .debug_abbrev  0x0000000000000a54      0x1f9 build/ds3231.o
 .debug_abbrev  0x0000000000000c4d      0x21e build/spi_in12.o
 .debug_abbrev  0x0000000000000e6b      0x271 build/control.o
 .debug_abbrev  0x00000000000010dc      0x217 build/buttons.o
 .debug_abbrev  0x00000000000012f3       0x12 build/startup_stm32f030x6.o

.debug_loc      0x0000000000000000     0x147d
 .debug_loc     0x0000000000000000      0x12c build/main.o
 .debug_loc     0x000000000000012c       0x38 build/gpio.o
 .debug_loc     0x0000000000000164      0x3f6 build/stm32f0xx_ll_gpio.o
 .debug_loc     0x000000000000055a      0x6fc build/stm32f0xx_ll_utils.o
 .debug_loc     0x0000000000000c56      0x187 build/system_stm32f0xx.o
 .debug_loc     0x0000000000000ddd      0x19d build/ds3231.o
 .debug_loc     0x0000000000000f7a      0x149 build/spi_in12.o
 .debug_loc     0x00000000000010c3      0x254 build/control.o
 .debug_loc     0x0000000000001317      0x166 build/buttons.o

.debug_aranges  0x0000000000000000      0x290
 .debug_aranges
                0x0000000000000000       0x30 build/main.o
 .debug_aranges
                0x0000000000000030       0x20 build/gpio.o
 .debug_aranges
                0x0000000000000050       0x40 build/stm32f0xx_it.o
 .debug_aranges
                0x0000000000000090       0x30 build/stm32f0xx_ll_gpio.o
 .debug_aranges
                0x00000000000000c0       0x60 build/stm32f0xx_ll_utils.o
 .debug_aranges
                0x0000000000000120       0x28 build/system_stm32f0xx.o
 .debug_aranges
                0x0000000000000148       0x50 build/ds3231.o
 .debug_aranges
                0x0000000000000198       0x40 build/spi_in12.o
 .debug_aranges
                0x00000000000001d8       0x38 build/control.o
 .debug_aranges
                0x0000000000000210       0x58 build/buttons.o
 .debug_aranges
                0x0000000000000268       0x28 build/startup_stm32f030x6.o

.debug_ranges   0x0000000000000000      0x248
 .debug_ranges  0x0000000000000000       0x20 build/main.o
 .debug_ranges  0x0000000000000020       0x10 build/gpio.o
 .debug_ranges  0x0000000000000030       0x30 build/stm32f0xx_it.o
 .debug_ranges  0x0000000000000060       0x80 build/stm32f0xx_ll_gpio.o
 .debug_ranges  0x00000000000000e0       0x50 build/stm32f0xx_ll_utils.o
 .debug_ranges  0x0000000000000130       0x18 build/system_stm32f0xx.o
 .debug_ranges  0x0000000000000148       0x40 build/ds3231.o
 .debug_ranges  0x0000000000000188       0x30 build/spi_in12.o
 .debug_ranges  0x00000000000001b8       0x28 build/control.o
 .debug_ranges  0x00000000000001e0       0x48 build/buttons.o
 .debug_ranges  0x0000000000000228       0x20 build/startup_stm32f030x6.o

.debug_line     0x0000000000000000     0x27c5
 .debug_line    0x0000000000000000      0x471 build/main.o
 .debug_line    0x0000000000000471      0x1a3 build/gpio.o
 .debug_line    0x0000000000000614      0x1a7 build/stm32f0xx_it.o
 .debug_line    0x00000000000007bb      0x457 build/stm32f0xx_ll_gpio.o
 .debug_line    0x0000000000000c12      0x6f8 build/stm32f0xx_ll_utils.o
 .debug_line    0x000000000000130a      0x209 build/system_stm32f0xx.o
 .debug_line    0x0000000000001513      0x551 build/ds3231.o
 .debug_line    0x0000000000001a64      0x3a9 build/spi_in12.o
 .debug_line    0x0000000000001e0d      0x5ec build/control.o
 .debug_line    0x00000000000023f9      0x355 build/buttons.o
 .debug_line    0x000000000000274e       0x77 build/startup_stm32f030x6.o

.debug_str      0x0000000000000000     0x104a
 .debug_str     0x0000000000000000      0x3d4 build/main.o
                                        0x43c (size before relaxing)
 .debug_str     0x00000000000003d4       0x29 build/gpio.o
                                        0x213 (size before relaxing)
 .debug_str     0x00000000000003fd       0x61 build/stm32f0xx_it.o
                                        0x1c8 (size before relaxing)
 .debug_str     0x000000000000045e      0x1b5 build/stm32f0xx_ll_gpio.o
                                        0x381 (size before relaxing)
 .debug_str     0x0000000000000613      0x28a build/stm32f0xx_ll_utils.o
                                        0x5e7 (size before relaxing)
 .debug_str     0x000000000000089d       0x6a build/system_stm32f0xx.o
                                        0x251 (size before relaxing)
 .debug_str     0x0000000000000907      0x1c5 build/ds3231.o
                                        0x414 (size before relaxing)
 .debug_str     0x0000000000000acc      0x2f6 build/spi_in12.o
                                        0x53d (size before relaxing)
 .debug_str     0x0000000000000dc2      0x1d0 build/control.o
                                        0x80b (size before relaxing)
 .debug_str     0x0000000000000f92       0x94 build/buttons.o
                                        0x31c (size before relaxing)
 .debug_str     0x0000000000001026       0x24 build/startup_stm32f030x6.o
                                         0x52 (size before relaxing)

.debug_frame    0x0000000000000000      0x498
 .debug_frame   0x0000000000000000       0x54 build/main.o
 .debug_frame   0x0000000000000054       0x24 build/gpio.o
 .debug_frame   0x0000000000000078       0x60 build/stm32f0xx_it.o
 .debug_frame   0x00000000000000d8       0x50 build/stm32f0xx_ll_gpio.o
 .debug_frame   0x0000000000000128       0xe0 build/stm32f0xx_ll_utils.o
 .debug_frame   0x0000000000000208       0x38 build/system_stm32f0xx.o
 .debug_frame   0x0000000000000240       0xb0 build/ds3231.o
 .debug_frame   0x00000000000002f0       0x88 build/spi_in12.o
 .debug_frame   0x0000000000000378       0x80 build/control.o
 .debug_frame   0x00000000000003f8       0xa0 build/buttons.o

Cross Reference Table

Symbol                                            File
ADC1_IRQHandler                                   build/startup_stm32f030x6.o
AHBPrescTable                                     build/system_stm32f0xx.o
                                                  build/stm32f0xx_ll_utils.o
                                                  build/stm32f0xx_ll_rcc.o
APBPrescTable                                     build/system_stm32f0xx.o
                                                  build/stm32f0xx_ll_rcc.o
DMA1_Channel1_IRQHandler                          build/startup_stm32f030x6.o
DMA1_Channel2_3_IRQHandler                        build/startup_stm32f030x6.o
DMA1_Channel4_5_IRQHandler                        build/startup_stm32f030x6.o
Default_Handler                                   build/startup_stm32f030x6.o
EXTI0_1_IRQHandler                                build/startup_stm32f030x6.o
EXTI2_3_IRQHandler                                build/startup_stm32f030x6.o
EXTI4_15_IRQHandler                               build/startup_stm32f030x6.o
Error_Handler                                     build/main.o
FLASH_IRQHandler                                  build/startup_stm32f030x6.o
HardFault_Handler                                 build/stm32f0xx_it.o
I2C1_IRQHandler                                   build/startup_stm32f030x6.o
LL_EXTI_DeInit                                    build/stm32f0xx_ll_exti.o
LL_EXTI_Init                                      build/stm32f0xx_ll_exti.o
LL_EXTI_StructInit                                build/stm32f0xx_ll_exti.o
LL_GPIO_DeInit                                    build/stm32f0xx_ll_gpio.o
LL_GPIO_Init                                      build/stm32f0xx_ll_gpio.o
                                                  build/control.o
LL_GPIO_StructInit                                build/stm32f0xx_ll_gpio.o
LL_Init1msTick                                    build/stm32f0xx_ll_utils.o
                                                  build/main.o
LL_PLL_ConfigSystemClock_HSE                      build/stm32f0xx_ll_utils.o
LL_PLL_ConfigSystemClock_HSI                      build/stm32f0xx_ll_utils.o
LL_PWR_DeInit                                     build/stm32f0xx_ll_pwr.o
LL_RCC_DeInit                                     build/stm32f0xx_ll_rcc.o
LL_RCC_GetI2CClockFreq                            build/stm32f0xx_ll_rcc.o
LL_RCC_GetSystemClocksFreq                        build/stm32f0xx_ll_rcc.o
LL_RCC_GetUSARTClockFreq                          build/stm32f0xx_ll_rcc.o
LL_SetFlashLatency                                build/stm32f0xx_ll_utils.o
LL_SetSystemCoreClock                             build/stm32f0xx_ll_utils.o
                                                  build/main.o
LL_mDelay                                         build/stm32f0xx_ll_utils.o
MAX_COUNT                                         build/buttons.o
MAX_DATE                                          build/control.o
MAX_HOURS                                         build/control.o
MAX_MINUTES                                       build/control.o
MAX_MONTH                                         build/control.o
MAX_YEAR                                          build/control.o
MX_GPIO_Init                                      build/gpio.o
                                                  build/main.o
NMI_Handler                                       build/stm32f0xx_it.o
PendSV_Handler                                    build/stm32f0xx_it.o
RCC_GetHCLKClockFreq                              build/stm32f0xx_ll_rcc.o
RCC_GetPCLK1ClockFreq                             build/stm32f0xx_ll_rcc.o
RCC_GetSystemClockFreq                            build/stm32f0xx_ll_rcc.o
RCC_IRQHandler                                    build/startup_stm32f030x6.o
RCC_PLL_GetFreqDomain_SYS                         build/stm32f0xx_ll_rcc.o
RTC_IRQHandler                                    build/startup_stm32f030x6.o
Reset_Handler                                     build/startup_stm32f030x6.o
SPI1_IRQHandler                                   build/startup_stm32f030x6.o
SVC_Handler                                       build/stm32f0xx_it.o
SysTick_Handler                                   build/stm32f0xx_it.o
SystemClock_Config                                build/main.o
SystemCoreClock                                   build/system_stm32f0xx.o
                                                  build/stm32f0xx_ll_utils.o
SystemCoreClockUpdate                             build/system_stm32f0xx.o
SystemInit                                        build/system_stm32f0xx.o
                                                  build/startup_stm32f030x6.o
TIM14_IRQHandler                                  build/control.o
TIM16_IRQHandler                                  build/spi_in12.o
TIM17_IRQHandler                                  build/control.o
TIM1_BRK_UP_TRG_COM_IRQHandler                    build/startup_stm32f030x6.o
TIM1_CC_IRQHandler                                build/startup_stm32f030x6.o
TIM3_IRQHandler                                   build/startup_stm32f030x6.o
USART1_IRQHandler                                 build/startup_stm32f030x6.o
WWDG_IRQHandler                                   build/startup_stm32f030x6.o
__aeabi_idiv0                                     c:/gnu_mcu/xpack-arm-none-eabi-gcc-10.3.1-2.3/bin/../lib/gcc/arm-none-eabi/10.3.1/thumb/v6-m/nofp\libgcc.a(_dvmd_tls.o)
                                                  c:/gnu_mcu/xpack-arm-none-eabi-gcc-10.3.1-2.3/bin/../lib/gcc/arm-none-eabi/10.3.1/thumb/v6-m/nofp\libgcc.a(_udivsi3.o)
__aeabi_ldiv0                                     c:/gnu_mcu/xpack-arm-none-eabi-gcc-10.3.1-2.3/bin/../lib/gcc/arm-none-eabi/10.3.1/thumb/v6-m/nofp\libgcc.a(_dvmd_tls.o)
__aeabi_uidiv                                     c:/gnu_mcu/xpack-arm-none-eabi-gcc-10.3.1-2.3/bin/../lib/gcc/arm-none-eabi/10.3.1/thumb/v6-m/nofp\libgcc.a(_udivsi3.o)
                                                  build/spi_in12.o
                                                  build/ds3231.o
                                                  build/system_stm32f0xx.o
                                                  build/stm32f0xx_ll_utils.o
                                                  build/stm32f0xx_ll_rcc.o
__aeabi_uidivmod                                  c:/gnu_mcu/xpack-arm-none-eabi-gcc-10.3.1-2.3/bin/../lib/gcc/arm-none-eabi/10.3.1/thumb/v6-m/nofp\libgcc.a(_udivsi3.o)
                                                  build/spi_in12.o
                                                  build/ds3231.o
__bss_end__                                       c:/gnu_mcu/xpack-arm-none-eabi-gcc-10.3.1-2.3/bin/../lib/gcc/arm-none-eabi/10.3.1/../../../../arm-none-eabi/lib/thumb/v6-m/nofp/crt0.o
__bss_start__                                     c:/gnu_mcu/xpack-arm-none-eabi-gcc-10.3.1-2.3/bin/../lib/gcc/arm-none-eabi/10.3.1/../../../../arm-none-eabi/lib/thumb/v6-m/nofp/crt0.o
__call_exitprocs                                  c:/gnu_mcu/xpack-arm-none-eabi-gcc-10.3.1-2.3/bin/../lib/gcc/arm-none-eabi/10.3.1/../../../../arm-none-eabi/lib/thumb/v6-m/nofp\libc_nano.a(lib_a-exit.o)
__deregister_frame_info                           c:/gnu_mcu/xpack-arm-none-eabi-gcc-10.3.1-2.3/bin/../lib/gcc/arm-none-eabi/10.3.1/thumb/v6-m/nofp/crtbegin.o
__dso_handle                                      c:/gnu_mcu/xpack-arm-none-eabi-gcc-10.3.1-2.3/bin/../lib/gcc/arm-none-eabi/10.3.1/thumb/v6-m/nofp/crtbegin.o
__init_array_end                                  c:/gnu_mcu/xpack-arm-none-eabi-gcc-10.3.1-2.3/bin/../lib/gcc/arm-none-eabi/10.3.1/../../../../arm-none-eabi/lib/thumb/v6-m/nofp\libc_nano.a(lib_a-init.o)
__init_array_start                                c:/gnu_mcu/xpack-arm-none-eabi-gcc-10.3.1-2.3/bin/../lib/gcc/arm-none-eabi/10.3.1/../../../../arm-none-eabi/lib/thumb/v6-m/nofp\libc_nano.a(lib_a-init.o)
__libc_fini_array                                 c:/gnu_mcu/xpack-arm-none-eabi-gcc-10.3.1-2.3/bin/../lib/gcc/arm-none-eabi/10.3.1/../../../../arm-none-eabi/lib/thumb/v6-m/nofp/crt0.o
__libc_init_array                                 c:/gnu_mcu/xpack-arm-none-eabi-gcc-10.3.1-2.3/bin/../lib/gcc/arm-none-eabi/10.3.1/../../../../arm-none-eabi/lib/thumb/v6-m/nofp\libc_nano.a(lib_a-init.o)
                                                  build/startup_stm32f030x6.o
                                                  c:/gnu_mcu/xpack-arm-none-eabi-gcc-10.3.1-2.3/bin/../lib/gcc/arm-none-eabi/10.3.1/../../../../arm-none-eabi/lib/thumb/v6-m/nofp/crt0.o
__preinit_array_end                               c:/gnu_mcu/xpack-arm-none-eabi-gcc-10.3.1-2.3/bin/../lib/gcc/arm-none-eabi/10.3.1/../../../../arm-none-eabi/lib/thumb/v6-m/nofp\libc_nano.a(lib_a-init.o)
__preinit_array_start                             c:/gnu_mcu/xpack-arm-none-eabi-gcc-10.3.1-2.3/bin/../lib/gcc/arm-none-eabi/10.3.1/../../../../arm-none-eabi/lib/thumb/v6-m/nofp\libc_nano.a(lib_a-init.o)
__register_frame_info                             c:/gnu_mcu/xpack-arm-none-eabi-gcc-10.3.1-2.3/bin/../lib/gcc/arm-none-eabi/10.3.1/thumb/v6-m/nofp/crtbegin.o
__sf_fake_stderr                                  c:/gnu_mcu/xpack-arm-none-eabi-gcc-10.3.1-2.3/bin/../lib/gcc/arm-none-eabi/10.3.1/../../../../arm-none-eabi/lib/thumb/v6-m/nofp\libc_nano.a(lib_a-impure.o)
__sf_fake_stdin                                   c:/gnu_mcu/xpack-arm-none-eabi-gcc-10.3.1-2.3/bin/../lib/gcc/arm-none-eabi/10.3.1/../../../../arm-none-eabi/lib/thumb/v6-m/nofp\libc_nano.a(lib_a-impure.o)
__sf_fake_stdout                                  c:/gnu_mcu/xpack-arm-none-eabi-gcc-10.3.1-2.3/bin/../lib/gcc/arm-none-eabi/10.3.1/../../../../arm-none-eabi/lib/thumb/v6-m/nofp\libc_nano.a(lib_a-impure.o)
__stack                                           c:/gnu_mcu/xpack-arm-none-eabi-gcc-10.3.1-2.3/bin/../lib/gcc/arm-none-eabi/10.3.1/../../../../arm-none-eabi/lib/thumb/v6-m/nofp/crt0.o
__udivsi3                                         c:/gnu_mcu/xpack-arm-none-eabi-gcc-10.3.1-2.3/bin/../lib/gcc/arm-none-eabi/10.3.1/thumb/v6-m/nofp\libgcc.a(_udivsi3.o)
_ebss                                             build/startup_stm32f030x6.o
_edata                                            build/startup_stm32f030x6.o
_estack                                           build/startup_stm32f030x6.o
_exit                                             c:/gnu_mcu/xpack-arm-none-eabi-gcc-10.3.1-2.3/bin/../lib/gcc/arm-none-eabi/10.3.1/../../../../arm-none-eabi/lib/thumb/v6-m/nofp\libnosys.a(_exit.o)
                                                  c:/gnu_mcu/xpack-arm-none-eabi-gcc-10.3.1-2.3/bin/../lib/gcc/arm-none-eabi/10.3.1/../../../../arm-none-eabi/lib/thumb/v6-m/nofp\libc_nano.a(lib_a-exit.o)
_fini                                             c:/gnu_mcu/xpack-arm-none-eabi-gcc-10.3.1-2.3/bin/../lib/gcc/arm-none-eabi/10.3.1/thumb/v6-m/nofp/crti.o
_global_impure_ptr                                c:/gnu_mcu/xpack-arm-none-eabi-gcc-10.3.1-2.3/bin/../lib/gcc/arm-none-eabi/10.3.1/../../../../arm-none-eabi/lib/thumb/v6-m/nofp\libc_nano.a(lib_a-impure.o)
                                                  c:/gnu_mcu/xpack-arm-none-eabi-gcc-10.3.1-2.3/bin/../lib/gcc/arm-none-eabi/10.3.1/../../../../arm-none-eabi/lib/thumb/v6-m/nofp\libc_nano.a(lib_a-exit.o)
_impure_ptr                                       c:/gnu_mcu/xpack-arm-none-eabi-gcc-10.3.1-2.3/bin/../lib/gcc/arm-none-eabi/10.3.1/../../../../arm-none-eabi/lib/thumb/v6-m/nofp\libc_nano.a(lib_a-impure.o)
_init                                             c:/gnu_mcu/xpack-arm-none-eabi-gcc-10.3.1-2.3/bin/../lib/gcc/arm-none-eabi/10.3.1/thumb/v6-m/nofp/crti.o
                                                  c:/gnu_mcu/xpack-arm-none-eabi-gcc-10.3.1-2.3/bin/../lib/gcc/arm-none-eabi/10.3.1/../../../../arm-none-eabi/lib/thumb/v6-m/nofp\libc_nano.a(lib_a-init.o)
_mainCRTStartup                                   c:/gnu_mcu/xpack-arm-none-eabi-gcc-10.3.1-2.3/bin/../lib/gcc/arm-none-eabi/10.3.1/../../../../arm-none-eabi/lib/thumb/v6-m/nofp/crt0.o
_sbss                                             build/startup_stm32f030x6.o
_sdata                                            build/startup_stm32f030x6.o
_sidata                                           build/startup_stm32f030x6.o
_stack_init                                       c:/gnu_mcu/xpack-arm-none-eabi-gcc-10.3.1-2.3/bin/../lib/gcc/arm-none-eabi/10.3.1/../../../../arm-none-eabi/lib/thumb/v6-m/nofp/crt0.o
_start                                            c:/gnu_mcu/xpack-arm-none-eabi-gcc-10.3.1-2.3/bin/../lib/gcc/arm-none-eabi/10.3.1/../../../../arm-none-eabi/lib/thumb/v6-m/nofp/crt0.o
atexit                                            c:/gnu_mcu/xpack-arm-none-eabi-gcc-10.3.1-2.3/bin/../lib/gcc/arm-none-eabi/10.3.1/../../../../arm-none-eabi/lib/thumb/v6-m/nofp/crt0.o
butSelect                                         build/control.o
butSet                                            build/control.o
buttonSelect                                      build/buttons.o
buttonSet                                         build/buttons.o
clockControl                                      build/control.o
                                                  build/main.o
countDeBouce                                      build/buttons.o
digArr                                            build/spi_in12.o
exit                                              c:/gnu_mcu/xpack-arm-none-eabi-gcc-10.3.1-2.3/bin/../lib/gcc/arm-none-eabi/10.3.1/../../../../arm-none-eabi/lib/thumb/v6-m/nofp\libc_nano.a(lib_a-exit.o)
                                                  c:/gnu_mcu/xpack-arm-none-eabi-gcc-10.3.1-2.3/bin/../lib/gcc/arm-none-eabi/10.3.1/../../../../arm-none-eabi/lib/thumb/v6-m/nofp/crt0.o
fReady                                            build/control.o
frameBuff                                         build/spi_in12.o
g_pfnVectors                                      build/startup_stm32f030x6.o
getDate                                           build/ds3231.o
                                                  build/control.o
getMinutesHours                                   build/ds3231.o
                                                  build/control.o
getMonth                                          build/ds3231.o
                                                  build/control.o
getStateButSelect                                 build/buttons.o
                                                  build/control.o
getStateButSet                                    build/buttons.o
                                                  build/control.o
getYear                                           build/ds3231.o
                                                  build/control.o
hardware_init_hook                                c:/gnu_mcu/xpack-arm-none-eabi-gcc-10.3.1-2.3/bin/../lib/gcc/arm-none-eabi/10.3.1/../../../../arm-none-eabi/lib/thumb/v6-m/nofp/crt0.o
incCount                                          build/buttons.o
                                                  build/control.o
indCount                                          build/spi_in12.o
init_BUTTONS                                      build/buttons.o
                                                  build/main.o
init_Control                                      build/control.o
                                                  build/main.o
init_DS3231                                       build/ds3231.o
                                                  build/main.o
init_IN12                                         build/spi_in12.o
                                                  build/main.o
lastKey                                           build/buttons.o
main                                              build/main.o
                                                  build/startup_stm32f030x6.o
                                                  c:/gnu_mcu/xpack-arm-none-eabi-gcc-10.3.1-2.3/bin/../lib/gcc/arm-none-eabi/10.3.1/../../../../arm-none-eabi/lib/thumb/v6-m/nofp/crt0.o
memset                                            c:/gnu_mcu/xpack-arm-none-eabi-gcc-10.3.1-2.3/bin/../lib/gcc/arm-none-eabi/10.3.1/../../../../arm-none-eabi/lib/thumb/v6-m/nofp\libc_nano.a(lib_a-memset.o)
                                                  build/control.o
                                                  c:/gnu_mcu/xpack-arm-none-eabi-gcc-10.3.1-2.3/bin/../lib/gcc/arm-none-eabi/10.3.1/../../../../arm-none-eabi/lib/thumb/v6-m/nofp/crt0.o
modeInd                                           build/spi_in12.o
readReg_DS3231                                    build/ds3231.o
scanButtons                                       build/buttons.o
                                                  build/spi_in12.o
scanLineArr                                       build/spi_in12.o
scanLine_mask21                                   build/spi_in12.o
scanLine_mask43                                   build/spi_in12.o
setFrame                                          build/spi_in12.o
                                                  build/control.o
setStateButSelect                                 build/buttons.o
                                                  build/control.o
setStateButSet                                    build/buttons.o
                                                  build/control.o
setStateButtons                                   build/buttons.o
showFrame                                         build/spi_in12.o
software_init_hook                                c:/gnu_mcu/xpack-arm-none-eabi-gcc-10.3.1-2.3/bin/../lib/gcc/arm-none-eabi/10.3.1/../../../../arm-none-eabi/lib/thumb/v6-m/nofp/crt0.o
spiWriteByte                                      build/spi_in12.o
stateShow                                         build/control.o
time                                              build/ds3231.o
writeReg_DS3231                                   build/ds3231.o
                                                  build/control.o
